// Jest Snapshot v1, https://goo.gl/fbAQLP

exports[`StopPageDepartures renders with data 1`] = `
<DocumentFragment>
  <div
    class="routes"
  >
    <div
      class="departure-filters"
    >
      <button
        class="
            btn btn-secondary active
        "
        type="button"
      >
         All
      </button>
      <button
        class="
            btn btn-secondary inactive
        "
        type="button"
      >
        <span
          aria-hidden="false"
          class="notranslate c-svg__icon"
        >
          SVG
        </span>
         Subway
      </button>
      <button
        class="
            btn btn-secondary inactive
        "
        type="button"
      >
        <span
          aria-hidden="false"
          class="notranslate c-svg__icon"
        >
          SVG
        </span>
         Bus
      </button>
    </div>
    <ul
      class="stop-departures list-unstyled"
    >
      <li
        class="departure-card"
      >
        <a
          class="departure-card__route u-bg--unknown"
          href="/schedules/Magenta"
        >
          <span
            aria-hidden="true"
            class="notranslate c-svg__icon"
          >
            SVG
          </span>
           
          <span
            class=""
          >
            Magenta Route
          </span>
        </a>
      </li>
      <li
        class="departure-card"
      >
        <a
          class="departure-card__route u-bg--bus"
          href="/schedules/4B"
        >
          <span
            aria-hidden="true"
            class="notranslate c-svg__icon"
          >
            SVG
          </span>
           
          <span
            class="bus-route-sign"
          >
            4B Route
          </span>
        </a>
      </li>
    </ul>
  </div>
</DocumentFragment>
`;

exports[`StopPageDepartures renders with no data 1`] = `
<DocumentFragment>
  <div
    class="routes"
  >
    <ul
      class="stop-departures list-unstyled"
    />
  </div>
</DocumentFragment>
`;
